../Core/Src/main.c:75:6:microDelay	16	static
../Core/Src/main.c:81:9:DHT11_Start	32	static
../Core/Src/main.c:112:9:DHT11_Read	16	static
../Core/Src/main.c:154:6:HAL_TIM_IC_CaptureCallback	16	static
../Core/Src/main.c:231:6:HCSR04_Read	8	static
../Core/Src/main.c:251:5:main	80	static
../Core/Src/main.c:405:6:SystemClock_Config	88	static
../Core/Src/main.c:452:13:MX_TIM1_Init	32	static
../Core/Src/main.c:498:13:MX_TIM2_Init	64	static
../Core/Src/main.c:557:13:MX_TIM3_Init	48	static
../Core/Src/main.c:619:13:MX_USART1_UART_Init	8	static
../Core/Src/main.c:652:13:MX_USART2_UART_Init	8	static
../Core/Src/main.c:685:13:MX_GPIO_Init	48	static
../Core/Src/main.c:747:6:Error_Handler	4	static,ignoring_inline_asm
